// Jest Snapshot v1, https://goo.gl/fbAQLP

exports[`ResultItem rendering renders the component 1`] = `
<div
  className="result-item correct"
>
  <div
    className="result-sign"
  >
    +
  </div>
  <div
    className="question"
  >
    In &quot;The Sims&quot; series, the most members in a household you can have is 8.
  </div>
</div>
`;
